
--- 🔄 INICIANDO SYNC COMPLETA (15:44:30) ---

📡 Conectando al biométrico en 10.100.12.249:4370...

--- 🔄 INICIANDO SYNC COMPLETA (15:45:51) ---

📡 Conectando al biométrico en 10.100.12.249:4370...
✅ Datos obtenidos: 349 usuarios, 99475 marcajes.
✨ Sincronización con Base de Datos completada.
🔌 Desconectado del biométrico.

--- 🔄 INICIANDO SYNC COMPLETA (15:50:46) ---

📡 Conectando al biométrico en 10.100.12.249:4370...

--- 🔄 INICIANDO SYNC COMPLETA (15:51:22) ---

📡 Conectando al biométrico en 10.100.12.249:4370...

--- 🔄 INICIANDO SYNC COMPLETA (15:52:04) ---

📡 Conectando al biométrico en 10.100.12.249:4370...

--- 🔄 INICIANDO SYNC COMPLETA (17:12:54) ---

📡 Conectando al biométrico en 10.100.12.249:4370...
❌ Error durante el proceso: can't reach device (ping 10.100.12.249)

--- 🔄 INICIANDO SYNC COMPLETA (17:16:20) ---

📡 Conectando al biométrico en 10.100.12.249:4370...
❌ Error durante el proceso: can't reach device (ping 10.100.12.249)

--- 🔄 INICIANDO SYNC COMPLETA (17:16:54) ---

📡 Conectando al biométrico en 10.100.12.249:4370...

--- 🔄 INICIANDO SYNC COMPLETA (17:17:03) ---

📡 Conectando al biométrico en 10.100.12.249:4370...
✅ Datos obtenidos: 349 usuarios, 99628 marcajes.
✨ Sincronización con Base de Datos completada.
🔌 Desconectado del biométrico.

--- 🔄 INICIANDO SYNC COMPLETA (13:01:28) ---

📡 Conectando al biométrico en 10.100.12.249:4370...

--- 🔄 INICIANDO SYNC COMPLETA (13:02:13) ---

📡 Conectando al biométrico en 10.100.12.249:4370...
✅ Datos obtenidos: 351 usuarios, 99996 marcajes.
✨ Auto-creando usuario: Cariana 16106069 (ID: 16106069)
✨ Auto-creando usuario: Cariana 15106069 (ID: 15106069)
✨ Sincronización con Base de Datos completada.
🔌 Desconectado del biométrico.

--- 🔄 INICIANDO SYNC COMPLETA (14:00:00) ---

📡 Conectando al biométrico en 10.100.12.249:4370...
✅ Datos obtenidos: 351 usuarios, 99003 marcajes.
✨ Sincronización con Base de Datos completada.
🔌 Desconectado del biométrico.

--- 🔄 INICIANDO SYNC COMPLETA (14:11:24) ---

📡 Conectando al biométrico en 10.100.12.249:4370...

--- 🔄 INICIANDO SYNC COMPLETA (14:12:59) ---

📡 Conectando al biométrico en 10.100.12.249:4370...
✅ Datos obtenidos: 351 usuarios, 99004 marcajes.
✨ Sincronización con Base de Datos completada.
🔌 Desconectado del biométrico.

--- 🔄 INICIANDO SYNC COMPLETA (18:22:44) ---

📡 Conectando al biométrico en 10.100.2.157:4370...
✅ Datos obtenidos: 351 usuarios, 18 marcajes.
✨ Sincronización con Base de Datos completada.
🔌 Desconectado del biométrico.

--- 🔄 INICIANDO SYNC COMPLETA (18:24:50) ---

📡 Conectando al biométrico en 10.100.12.249:4370...

--- 🔄 INICIANDO SYNC COMPLETA (18:25:26) ---

📡 Conectando al biométrico en 10.100.12.249:4370...

--- 🔄 INICIANDO SYNC COMPLETA (18:26:33) ---

📡 Conectando al biométrico en 10.100.12.249:4370...
✅ Datos obtenidos: 351 usuarios, 99231 marcajes.
✨ Sincronización con Base de Datos completada.
🔌 Desconectado del biométrico.

--- 🔄 INICIANDO SYNC COMPLETA (19:00:00) ---

📡 Conectando al biométrico en 10.100.12.249:4370...
✅ Datos obtenidos: 351 usuarios, 99237 marcajes.
✨ Sincronización con Base de Datos completada.
🔌 Desconectado del biométrico.

--- 🔄 INICIANDO SYNC COMPLETA (20:00:00) ---

📡 Conectando al biométrico en 10.100.12.249:4370...
✅ Datos obtenidos: 351 usuarios, 99240 marcajes.
✨ Sincronización con Base de Datos completada.
🔌 Desconectado del biométrico.

--- 🔄 INICIANDO SYNC COMPLETA (21:00:00) ---

📡 Conectando al biométrico en 10.100.12.249:4370...
✅ Datos obtenidos: 351 usuarios, 99243 marcajes.
✨ Sincronización con Base de Datos completada.
🔌 Desconectado del biométrico.

--- 🔄 INICIANDO SYNC COMPLETA (22:00:00) ---

📡 Conectando al biométrico en 10.100.12.249:4370...
✅ Datos obtenidos: 351 usuarios, 99243 marcajes.
✨ Sincronización con Base de Datos completada.
🔌 Desconectado del biométrico.

--- 🔄 INICIANDO SYNC COMPLETA (23:00:00) ---

📡 Conectando al biométrico en 10.100.12.249:4370...
✅ Datos obtenidos: 351 usuarios, 99243 marcajes.
✨ Sincronización con Base de Datos completada.
🔌 Desconectado del biométrico.

--- 🔄 INICIANDO SYNC COMPLETA (00:00:00) ---

📡 Conectando al biométrico en 10.100.12.249:4370...
✅ Datos obtenidos: 351 usuarios, 99243 marcajes.
✨ Sincronización con Base de Datos completada.
🔌 Desconectado del biométrico.

--- 🔄 INICIANDO SYNC COMPLETA (01:00:00) ---

📡 Conectando al biométrico en 10.100.12.249:4370...
✅ Datos obtenidos: 351 usuarios, 99243 marcajes.
✨ Sincronización con Base de Datos completada.
🔌 Desconectado del biométrico.

--- 🔄 INICIANDO SYNC COMPLETA (02:00:00) ---

📡 Conectando al biométrico en 10.100.12.249:4370...
✅ Datos obtenidos: 351 usuarios, 99243 marcajes.
✨ Sincronización con Base de Datos completada.
🔌 Desconectado del biométrico.

--- 🔄 INICIANDO SYNC COMPLETA (03:00:00) ---

📡 Conectando al biométrico en 10.100.12.249:4370...
✅ Datos obtenidos: 351 usuarios, 99243 marcajes.
✨ Sincronización con Base de Datos completada.
🔌 Desconectado del biométrico.

--- 🔄 INICIANDO SYNC COMPLETA (04:00:01) ---

📡 Conectando al biométrico en 10.100.12.249:4370...
✅ Datos obtenidos: 351 usuarios, 99243 marcajes.
✨ Sincronización con Base de Datos completada.
🔌 Desconectado del biométrico.

--- 🔄 INICIANDO SYNC COMPLETA (05:00:00) ---

📡 Conectando al biométrico en 10.100.12.249:4370...
✅ Datos obtenidos: 351 usuarios, 99243 marcajes.
✨ Sincronización con Base de Datos completada.
🔌 Desconectado del biométrico.

--- 🔄 INICIANDO SYNC COMPLETA (06:00:00) ---

📡 Conectando al biométrico en 10.100.12.249:4370...
✅ Datos obtenidos: 351 usuarios, 99243 marcajes.
✨ Sincronización con Base de Datos completada.
🔌 Desconectado del biométrico.

--- 🔄 INICIANDO SYNC COMPLETA (07:00:00) ---

📡 Conectando al biométrico en 10.100.12.249:4370...
✅ Datos obtenidos: 351 usuarios, 99255 marcajes.
✨ Sincronización con Base de Datos completada.
🔌 Desconectado del biométrico.

--- 🔄 INICIANDO SYNC COMPLETA (08:00:00) ---

📡 Conectando al biométrico en 10.100.12.249:4370...
✅ Datos obtenidos: 351 usuarios, 99323 marcajes.
✨ Sincronización con Base de Datos completada.
🔌 Desconectado del biométrico.

--- 🔄 INICIANDO SYNC COMPLETA (09:00:00) ---

📡 Conectando al biométrico en 10.100.12.249:4370...
✅ Datos obtenidos: 351 usuarios, 99463 marcajes.
✨ Sincronización con Base de Datos completada.
🔌 Desconectado del biométrico.

--- 🔄 INICIANDO SYNC COMPLETA (10:00:00) ---

📡 Conectando al biométrico en 10.100.12.249:4370...
✅ Datos obtenidos: 351 usuarios, 99496 marcajes.
✨ Sincronización con Base de Datos completada.
🔌 Desconectado del biométrico.

--- 🔄 INICIANDO SYNC COMPLETA (11:00:00) ---

📡 Conectando al biométrico en 10.100.12.249:4370...
✅ Datos obtenidos: 351 usuarios, 99504 marcajes.
✨ Sincronización con Base de Datos completada.
🔌 Desconectado del biométrico.

--- 🔄 INICIANDO SYNC COMPLETA (12:00:00) ---

📡 Conectando al biométrico en 10.100.12.249:4370...
✅ Datos obtenidos: 351 usuarios, 99507 marcajes.
✨ Sincronización con Base de Datos completada.
🔌 Desconectado del biométrico.

--- 🔄 INICIANDO SYNC COMPLETA (13:00:00) ---

📡 Conectando al biométrico en 10.100.12.249:4370...
✅ Datos obtenidos: 351 usuarios, 99512 marcajes.
✨ Sincronización con Base de Datos completada.
🔌 Desconectado del biométrico.

--- 🔄 INICIANDO SYNC COMPLETA (14:00:00) ---

📡 Conectando al biométrico en 10.100.12.249:4370...
✅ Datos obtenidos: 351 usuarios, 99518 marcajes.
✨ Sincronización con Base de Datos completada.
🔌 Desconectado del biométrico.

--- 🔄 INICIANDO SYNC COMPLETA (15:00:00) ---

📡 Conectando al biométrico en 10.100.12.249:4370...
✅ Datos obtenidos: 351 usuarios, 99522 marcajes.
✨ Sincronización con Base de Datos completada.
🔌 Desconectado del biométrico.

--- 🔄 INICIANDO SYNC COMPLETA (16:00:00) ---

📡 Conectando al biométrico en 10.100.12.249:4370...
✅ Datos obtenidos: 351 usuarios, 99533 marcajes.
✨ Sincronización con Base de Datos completada.
🔌 Desconectado del biométrico.

--- 🔄 INICIANDO SYNC COMPLETA (17:00:00) ---

📡 Conectando al biométrico en 10.100.12.249:4370...
✅ Datos obtenidos: 351 usuarios, 99700 marcajes.
✨ Sincronización con Base de Datos completada.
🔌 Desconectado del biométrico.

--- 🔄 INICIANDO SYNC COMPLETA (18:00:00) ---

📡 Conectando al biométrico en 10.100.12.249:4370...
✅ Datos obtenidos: 351 usuarios, 99731 marcajes.
✨ Sincronización con Base de Datos completada.
🔌 Desconectado del biométrico.

--- 🔄 INICIANDO SYNC COMPLETA (19:00:00) ---

📡 Conectando al biométrico en 10.100.12.249:4370...
✅ Datos obtenidos: 351 usuarios, 99743 marcajes.
✨ Sincronización con Base de Datos completada.
🔌 Desconectado del biométrico.

--- 🔄 INICIANDO SYNC COMPLETA (20:00:00) ---

📡 Conectando al biométrico en 10.100.12.249:4370...
✅ Datos obtenidos: 351 usuarios, 99751 marcajes.
✨ Sincronización con Base de Datos completada.
🔌 Desconectado del biométrico.

--- 🔄 INICIANDO SYNC COMPLETA (21:00:00) ---

📡 Conectando al biométrico en 10.100.12.249:4370...
✅ Datos obtenidos: 351 usuarios, 99755 marcajes.
✨ Sincronización con Base de Datos completada.
🔌 Desconectado del biométrico.

--- 🔄 INICIANDO SYNC COMPLETA (22:00:00) ---

📡 Conectando al biométrico en 10.100.12.249:4370...
✅ Datos obtenidos: 351 usuarios, 99755 marcajes.
✨ Sincronización con Base de Datos completada.
🔌 Desconectado del biométrico.

--- 🔄 INICIANDO SYNC COMPLETA (23:00:00) ---

📡 Conectando al biométrico en 10.100.12.249:4370...
✅ Datos obtenidos: 351 usuarios, 99755 marcajes.
✨ Sincronización con Base de Datos completada.
🔌 Desconectado del biométrico.

--- 🔄 INICIANDO SYNC COMPLETA (00:00:00) ---

📡 Conectando al biométrico en 10.100.12.249:4370...
✅ Datos obtenidos: 351 usuarios, 99755 marcajes.
✨ Sincronización con Base de Datos completada.
🔌 Desconectado del biométrico.

--- 🔄 INICIANDO SYNC COMPLETA (01:00:00) ---

📡 Conectando al biométrico en 10.100.12.249:4370...
✅ Datos obtenidos: 351 usuarios, 99755 marcajes.
✨ Sincronización con Base de Datos completada.
🔌 Desconectado del biométrico.

--- 🔄 INICIANDO SYNC COMPLETA (02:00:00) ---

📡 Conectando al biométrico en 10.100.12.249:4370...
✅ Datos obtenidos: 351 usuarios, 99755 marcajes.
✨ Sincronización con Base de Datos completada.
🔌 Desconectado del biométrico.

--- 🔄 INICIANDO SYNC COMPLETA (03:00:00) ---

📡 Conectando al biométrico en 10.100.12.249:4370...
✅ Datos obtenidos: 351 usuarios, 99755 marcajes.
✨ Sincronización con Base de Datos completada.
🔌 Desconectado del biométrico.

--- 🔄 INICIANDO SYNC COMPLETA (04:00:00) ---

📡 Conectando al biométrico en 10.100.12.249:4370...
✅ Datos obtenidos: 351 usuarios, 99755 marcajes.
✨ Sincronización con Base de Datos completada.
🔌 Desconectado del biométrico.

--- 🔄 INICIANDO SYNC COMPLETA (05:00:00) ---

📡 Conectando al biométrico en 10.100.12.249:4370...
✅ Datos obtenidos: 351 usuarios, 99755 marcajes.
✨ Sincronización con Base de Datos completada.
🔌 Desconectado del biométrico.

--- 🔄 INICIANDO SYNC COMPLETA (06:00:00) ---

📡 Conectando al biométrico en 10.100.12.249:4370...
✅ Datos obtenidos: 351 usuarios, 99755 marcajes.
✨ Sincronización con Base de Datos completada.
🔌 Desconectado del biométrico.

--- 🔄 INICIANDO SYNC COMPLETA (07:00:00) ---

📡 Conectando al biométrico en 10.100.12.249:4370...
✅ Datos obtenidos: 351 usuarios, 99767 marcajes.
✨ Sincronización con Base de Datos completada.
🔌 Desconectado del biométrico.

--- 🔄 INICIANDO SYNC COMPLETA (08:00:00) ---

📡 Conectando al biométrico en 10.100.12.249:4370...
✅ Datos obtenidos: 351 usuarios, 99827 marcajes.
✨ Sincronización con Base de Datos completada.
🔌 Desconectado del biométrico.

--- 🔄 INICIANDO SYNC COMPLETA (09:00:00) ---

📡 Conectando al biométrico en 10.100.12.249:4370...
✅ Datos obtenidos: 351 usuarios, 99953 marcajes.
✨ Sincronización con Base de Datos completada.
🔌 Desconectado del biométrico.

--- 🔄 INICIANDO SYNC COMPLETA (10:00:00) ---

📡 Conectando al biométrico en 10.100.12.249:4370...
❌ Error durante el proceso: can't reach device (ping 10.100.12.249)

--- 🔄 INICIANDO SYNC COMPLETA (11:00:00) ---

📡 Conectando al biométrico en 10.100.12.249:4370...
✅ Datos obtenidos: 351 usuarios, 99997 marcajes.
✨ Sincronización con Base de Datos completada.
🔌 Desconectado del biométrico.

--- 🔄 INICIANDO SYNC COMPLETA (12:00:00) ---

📡 Conectando al biométrico en 10.100.12.249:4370...
❌ Error durante el proceso: [WinError 10054] Se ha forzado la interrupción de una conexión existente por el host remoto

--- 🔄 INICIANDO SYNC COMPLETA (13:00:01) ---

📡 Conectando al biométrico en 10.100.12.249:4370...
✅ Datos obtenidos: 351 usuarios, 99013 marcajes.
✨ Sincronización con Base de Datos completada.
🔌 Desconectado del biométrico.

--- 🔄 INICIANDO SYNC COMPLETA (14:00:00) ---

📡 Conectando al biométrico en 10.100.12.249:4370...
✅ Datos obtenidos: 351 usuarios, 99018 marcajes.
✨ Sincronización con Base de Datos completada.
🔌 Desconectado del biométrico.

--- 🔄 INICIANDO SYNC COMPLETA (15:00:00) ---

📡 Conectando al biométrico en 10.100.12.249:4370...
✅ Datos obtenidos: 351 usuarios, 99020 marcajes.
✨ Sincronización con Base de Datos completada.
🔌 Desconectado del biométrico.

--- 🔄 INICIANDO SYNC COMPLETA (16:00:00) ---

📡 Conectando al biométrico en 10.100.12.249:4370...
✅ Datos obtenidos: 351 usuarios, 99032 marcajes.
✨ Sincronización con Base de Datos completada.
🔌 Desconectado del biométrico.

--- 🔄 INICIANDO SYNC COMPLETA (15:53:49) ---

📡 Conectando al biométrico en 10.100.12.249:4370...
✅ Datos obtenidos: 351 usuarios, 99475 marcajes.
✨ Sincronización con Base de Datos completada.
🔌 Desconectado del biométrico.

--- 🔄 INICIANDO SYNC COMPLETA (16:00:00) ---

📡 Conectando al biométrico en 10.100.12.249:4370...
✅ Datos obtenidos: 351 usuarios, 99475 marcajes.
✨ Sincronización con Base de Datos completada.
🔌 Desconectado del biométrico.

--- 🔄 INICIANDO SYNC COMPLETA (17:00:00) ---

📡 Conectando al biométrico en 10.100.12.249:4370...
✅ Datos obtenidos: 351 usuarios, 99478 marcajes.
✨ Sincronización con Base de Datos completada.
🔌 Desconectado del biométrico.

--- 🔄 INICIANDO SYNC COMPLETA (18:00:00) ---

📡 Conectando al biométrico en 10.100.12.249:4370...
✅ Datos obtenidos: 351 usuarios, 99481 marcajes.
✨ Sincronización con Base de Datos completada.
🔌 Desconectado del biométrico.

--- 🔄 INICIANDO SYNC COMPLETA (18:30:40) ---

📡 Conectando al biométrico en 10.100.12.249:4370...
🔌 Desconectado del biométrico.

--- 🔄 INICIANDO SYNC COMPLETA (18:37:16) ---

📡 Conectando al biométrico en 10.100.12.249:4370...
✅ Datos obtenidos: 351 usuarios, 99481 marcajes.
✨ Sincronización con Base de Datos completada.
🔌 Desconectado del biométrico.

--- 🔄 INICIANDO SYNC COMPLETA (19:00:00) ---

📡 Conectando al biométrico en 10.100.12.249:4370...
✅ Datos obtenidos: 351 usuarios, 99484 marcajes.
✨ Sincronización con Base de Datos completada.
🔌 Desconectado del biométrico.

--- 🔄 INICIANDO SYNC COMPLETA (20:00:00) ---

📡 Conectando al biométrico en 10.100.12.249:4370...
❌ Error durante el proceso: timed out

--- 🔄 INICIANDO SYNC COMPLETA (21:00:00) ---

📡 Conectando al biométrico en 10.100.12.249:4370...
✅ Datos obtenidos: 351 usuarios, 99649 marcajes.
✨ Sincronización con Base de Datos completada.
🔌 Desconectado del biométrico.

--- 🔄 INICIANDO SYNC COMPLETA (22:00:00) ---

📡 Conectando al biométrico en 10.100.12.249:4370...
✅ Datos obtenidos: 351 usuarios, 99668 marcajes.
✨ Sincronización con Base de Datos completada.
🔌 Desconectado del biométrico.

--- 🔄 INICIANDO SYNC COMPLETA (23:00:00) ---

📡 Conectando al biométrico en 10.100.12.249:4370...
✅ Datos obtenidos: 351 usuarios, 99699 marcajes.
✨ Sincronización con Base de Datos completada.
🔌 Desconectado del biométrico.

--- 🔄 INICIANDO SYNC COMPLETA (00:00:00) ---

📡 Conectando al biométrico en 10.100.12.249:4370...
✅ Datos obtenidos: 351 usuarios, 99704 marcajes.
✨ Sincronización con Base de Datos completada.
🔌 Desconectado del biométrico.

--- 🔄 INICIANDO SYNC COMPLETA (01:00:00) ---

📡 Conectando al biométrico en 10.100.12.249:4370...
✅ Datos obtenidos: 351 usuarios, 99709 marcajes.
✨ Sincronización con Base de Datos completada.
🔌 Desconectado del biométrico.

--- 🔄 INICIANDO SYNC COMPLETA (02:00:00) ---

📡 Conectando al biométrico en 10.100.12.249:4370...
✅ Datos obtenidos: 351 usuarios, 99713 marcajes.
✨ Sincronización con Base de Datos completada.
🔌 Desconectado del biométrico.

--- 🔄 INICIANDO SYNC COMPLETA (03:00:00) ---

📡 Conectando al biométrico en 10.100.12.249:4370...
✅ Datos obtenidos: 351 usuarios, 99713 marcajes.
✨ Sincronización con Base de Datos completada.
🔌 Desconectado del biométrico.

--- 🔄 INICIANDO SYNC COMPLETA (04:00:00) ---

📡 Conectando al biométrico en 10.100.12.249:4370...
✅ Datos obtenidos: 351 usuarios, 99713 marcajes.
✨ Sincronización con Base de Datos completada.
🔌 Desconectado del biométrico.

--- 🔄 INICIANDO SYNC COMPLETA (05:00:00) ---

📡 Conectando al biométrico en 10.100.12.249:4370...
✅ Datos obtenidos: 351 usuarios, 99713 marcajes.
✨ Sincronización con Base de Datos completada.
🔌 Desconectado del biométrico.

--- 🔄 INICIANDO SYNC COMPLETA (06:00:00) ---

📡 Conectando al biométrico en 10.100.12.249:4370...
✅ Datos obtenidos: 351 usuarios, 99713 marcajes.
✨ Sincronización con Base de Datos completada.
🔌 Desconectado del biométrico.

--- 🔄 INICIANDO SYNC COMPLETA (07:00:00) ---

📡 Conectando al biométrico en 10.100.12.249:4370...
✅ Datos obtenidos: 351 usuarios, 99713 marcajes.
✨ Sincronización con Base de Datos completada.
🔌 Desconectado del biométrico.

--- 🔄 INICIANDO SYNC COMPLETA (08:00:00) ---

📡 Conectando al biométrico en 10.100.12.249:4370...
✅ Datos obtenidos: 351 usuarios, 99713 marcajes.
✨ Sincronización con Base de Datos completada.
🔌 Desconectado del biométrico.

--- 🔄 INICIANDO SYNC COMPLETA (09:00:00) ---

📡 Conectando al biométrico en 10.100.12.249:4370...
✅ Datos obtenidos: 351 usuarios, 99713 marcajes.
✨ Sincronización con Base de Datos completada.
🔌 Desconectado del biométrico.

--- 🔄 INICIANDO SYNC COMPLETA (10:00:00) ---

📡 Conectando al biométrico en 10.100.12.249:4370...
✅ Datos obtenidos: 351 usuarios, 99713 marcajes.
✨ Sincronización con Base de Datos completada.
🔌 Desconectado del biométrico.

--- 🔄 INICIANDO SYNC COMPLETA (11:00:00) ---

📡 Conectando al biométrico en 10.100.12.249:4370...
✅ Datos obtenidos: 351 usuarios, 99720 marcajes.
✨ Sincronización con Base de Datos completada.
🔌 Desconectado del biométrico.

--- 🔄 INICIANDO SYNC COMPLETA (12:00:00) ---

📡 Conectando al biométrico en 10.100.12.249:4370...
✅ Datos obtenidos: 351 usuarios, 99785 marcajes.
✨ Sincronización con Base de Datos completada.
🔌 Desconectado del biométrico.

--- 🔄 INICIANDO SYNC COMPLETA (13:00:00) ---

📡 Conectando al biométrico en 10.100.12.249:4370...
✅ Datos obtenidos: 351 usuarios, 99918 marcajes.
✨ Sincronización con Base de Datos completada.
🔌 Desconectado del biométrico.

--- 🔄 INICIANDO SYNC COMPLETA (14:00:00) ---

📡 Conectando al biométrico en 10.100.12.249:4370...
✅ Datos obtenidos: 351 usuarios, 99945 marcajes.
✨ Sincronización con Base de Datos completada.
🔌 Desconectado del biométrico.

--- 🔄 INICIANDO SYNC COMPLETA (15:00:00) ---

📡 Conectando al biométrico en 10.100.12.249:4370...
✅ Datos obtenidos: 351 usuarios, 99951 marcajes.
✨ Sincronización con Base de Datos completada.
🔌 Desconectado del biométrico.

--- 🔄 INICIANDO SYNC COMPLETA (16:00:00) ---

📡 Conectando al biométrico en 10.100.12.249:4370...
✅ Datos obtenidos: 351 usuarios, 99953 marcajes.
✨ Sincronización con Base de Datos completada.
🔌 Desconectado del biométrico.

--- 🔄 INICIANDO SYNC COMPLETA (17:00:00) ---

📡 Conectando al biométrico en 10.100.12.249:4370...
✅ Datos obtenidos: 351 usuarios, 99957 marcajes.
✨ Sincronización con Base de Datos completada.
🔌 Desconectado del biométrico.

--- 🔄 INICIANDO SYNC COMPLETA (18:00:00) ---

📡 Conectando al biométrico en 10.100.12.249:4370...
✅ Datos obtenidos: 351 usuarios, 99963 marcajes.
✨ Sincronización con Base de Datos completada.
🔌 Desconectado del biométrico.

--- 🔄 INICIANDO SYNC COMPLETA (19:00:00) ---

📡 Conectando al biométrico en 10.100.12.249:4370...
✅ Datos obtenidos: 351 usuarios, 99965 marcajes.
✨ Sincronización con Base de Datos completada.
🔌 Desconectado del biométrico.

--- 🔄 INICIANDO SYNC COMPLETA (20:00:00) ---

📡 Conectando al biométrico en 10.100.12.249:4370...
✅ Datos obtenidos: 351 usuarios, 99972 marcajes.
✨ Sincronización con Base de Datos completada.
🔌 Desconectado del biométrico.

--- 🔄 INICIANDO SYNC COMPLETA (21:00:00) ---

📡 Conectando al biométrico en 10.100.12.249:4370...
✅ Datos obtenidos: 351 usuarios, 99100 marcajes.
✨ Sincronización con Base de Datos completada.
🔌 Desconectado del biométrico.

--- 🔄 INICIANDO SYNC COMPLETA (22:00:00) ---

📡 Conectando al biométrico en 10.100.12.249:4370...
✅ Datos obtenidos: 351 usuarios, 99115 marcajes.
✨ Sincronización con Base de Datos completada.
🔌 Desconectado del biométrico.

--- 🔄 INICIANDO SYNC COMPLETA (23:00:00) ---

📡 Conectando al biométrico en 10.100.12.249:4370...
✅ Datos obtenidos: 351 usuarios, 99132 marcajes.
✨ Sincronización con Base de Datos completada.
🔌 Desconectado del biométrico.

--- 🔄 INICIANDO SYNC COMPLETA (00:00:00) ---

📡 Conectando al biométrico en 10.100.12.249:4370...
✅ Datos obtenidos: 351 usuarios, 99144 marcajes.
✨ Sincronización con Base de Datos completada.
🔌 Desconectado del biométrico.

--- 🔄 INICIANDO SYNC COMPLETA (01:00:00) ---

📡 Conectando al biométrico en 10.100.12.249:4370...
✅ Datos obtenidos: 351 usuarios, 99145 marcajes.
✨ Sincronización con Base de Datos completada.
🔌 Desconectado del biométrico.

--- 🔄 INICIANDO SYNC COMPLETA (02:00:00) ---

📡 Conectando al biométrico en 10.100.12.249:4370...
✅ Datos obtenidos: 351 usuarios, 99147 marcajes.
✨ Sincronización con Base de Datos completada.
🔌 Desconectado del biométrico.

--- 🔄 INICIANDO SYNC COMPLETA (03:00:00) ---

📡 Conectando al biométrico en 10.100.12.249:4370...
✅ Datos obtenidos: 351 usuarios, 99147 marcajes.
✨ Sincronización con Base de Datos completada.
🔌 Desconectado del biométrico.

--- 🔄 INICIANDO SYNC COMPLETA (04:00:00) ---

📡 Conectando al biométrico en 10.100.12.249:4370...
✅ Datos obtenidos: 351 usuarios, 99147 marcajes.
✨ Sincronización con Base de Datos completada.
🔌 Desconectado del biométrico.

--- 🔄 INICIANDO SYNC COMPLETA (05:00:00) ---

📡 Conectando al biométrico en 10.100.12.249:4370...
✅ Datos obtenidos: 351 usuarios, 99147 marcajes.
✨ Sincronización con Base de Datos completada.
🔌 Desconectado del biométrico.

--- 🔄 INICIANDO SYNC COMPLETA (06:00:00) ---

📡 Conectando al biométrico en 10.100.12.249:4370...
✅ Datos obtenidos: 351 usuarios, 99147 marcajes.
✨ Sincronización con Base de Datos completada.
🔌 Desconectado del biométrico.

--- 🔄 INICIANDO SYNC COMPLETA (07:00:00) ---

📡 Conectando al biométrico en 10.100.12.249:4370...
✅ Datos obtenidos: 351 usuarios, 99147 marcajes.
✨ Sincronización con Base de Datos completada.
🔌 Desconectado del biométrico.

--- 🔄 INICIANDO SYNC COMPLETA (08:00:00) ---

📡 Conectando al biométrico en 10.100.12.249:4370...
✅ Datos obtenidos: 351 usuarios, 99147 marcajes.
✨ Sincronización con Base de Datos completada.
🔌 Desconectado del biométrico.

--- 🔄 INICIANDO SYNC COMPLETA (09:00:00) ---

📡 Conectando al biométrico en 10.100.12.249:4370...
✅ Datos obtenidos: 351 usuarios, 99147 marcajes.
✨ Sincronización con Base de Datos completada.
🔌 Desconectado del biométrico.

--- 🔄 INICIANDO SYNC COMPLETA (10:00:00) ---

📡 Conectando al biométrico en 10.100.12.249:4370...
✅ Datos obtenidos: 351 usuarios, 99147 marcajes.
✨ Sincronización con Base de Datos completada.
🔌 Desconectado del biométrico.

--- 🔄 INICIANDO SYNC COMPLETA (11:00:00) ---

📡 Conectando al biométrico en 10.100.12.249:4370...
✅ Datos obtenidos: 351 usuarios, 99155 marcajes.
✨ Sincronización con Base de Datos completada.
🔌 Desconectado del biométrico.

--- 🔄 INICIANDO SYNC COMPLETA (12:00:00) ---

📡 Conectando al biométrico en 10.100.12.249:4370...
✅ Datos obtenidos: 351 usuarios, 99228 marcajes.
✨ Sincronización con Base de Datos completada.
🔌 Desconectado del biométrico.

--- 🔄 INICIANDO SYNC COMPLETA (13:00:00) ---

📡 Conectando al biométrico en 10.100.12.249:4370...
✅ Datos obtenidos: 351 usuarios, 99341 marcajes.
✨ Sincronización con Base de Datos completada.
🔌 Desconectado del biométrico.

--- 🔄 INICIANDO SYNC COMPLETA (14:00:00) ---

📡 Conectando al biométrico en 10.100.12.249:4370...
✅ Datos obtenidos: 351 usuarios, 99380 marcajes.
✨ Sincronización con Base de Datos completada.
🔌 Desconectado del biométrico.

--- 🔄 INICIANDO SYNC COMPLETA (15:00:00) ---

📡 Conectando al biométrico en 10.100.12.249:4370...
✅ Datos obtenidos: 351 usuarios, 99389 marcajes.
✨ Sincronización con Base de Datos completada.
🔌 Desconectado del biométrico.

--- 🔄 INICIANDO SYNC COMPLETA (16:00:00) ---

📡 Conectando al biométrico en 10.100.12.249:4370...
✅ Datos obtenidos: 351 usuarios, 99392 marcajes.
✨ Sincronización con Base de Datos completada.
🔌 Desconectado del biométrico.

--- 🔄 INICIANDO SYNC COMPLETA (17:00:00) ---

📡 Conectando al biométrico en 10.100.12.249:4370...
✅ Datos obtenidos: 351 usuarios, 99395 marcajes.
✨ Sincronización con Base de Datos completada.
🔌 Desconectado del biométrico.

--- 🔄 INICIANDO SYNC COMPLETA (18:00:00) ---

📡 Conectando al biométrico en 10.100.12.249:4370...
✅ Datos obtenidos: 351 usuarios, 99396 marcajes.
✨ Sincronización con Base de Datos completada.
🔌 Desconectado del biométrico.

--- 🔄 INICIANDO SYNC COMPLETA (19:00:00) ---

📡 Conectando al biométrico en 10.100.12.249:4370...
✅ Datos obtenidos: 351 usuarios, 99398 marcajes.
✨ Sincronización con Base de Datos completada.
🔌 Desconectado del biométrico.

--- 🔄 INICIANDO SYNC COMPLETA (20:00:00) ---

📡 Conectando al biométrico en 10.100.12.249:4370...
✅ Datos obtenidos: 351 usuarios, 99415 marcajes.
✨ Sincronización con Base de Datos completada.
🔌 Desconectado del biométrico.

--- 🔄 INICIANDO SYNC COMPLETA (21:00:00) ---

📡 Conectando al biométrico en 10.100.12.249:4370...
✅ Datos obtenidos: 351 usuarios, 99545 marcajes.
✨ Sincronización con Base de Datos completada.
🔌 Desconectado del biométrico.

--- 🔄 INICIANDO SYNC COMPLETA (22:00:00) ---

📡 Conectando al biométrico en 10.100.12.249:4370...
✅ Datos obtenidos: 351 usuarios, 99583 marcajes.
✨ Sincronización con Base de Datos completada.
🔌 Desconectado del biométrico.

--- 🔄 INICIANDO SYNC COMPLETA (23:00:00) ---

📡 Conectando al biométrico en 10.100.12.249:4370...
✅ Datos obtenidos: 351 usuarios, 99611 marcajes.
✨ Sincronización con Base de Datos completada.
🔌 Desconectado del biométrico.

--- 🔄 INICIANDO SYNC COMPLETA (00:00:00) ---

📡 Conectando al biométrico en 10.100.12.249:4370...
✅ Datos obtenidos: 351 usuarios, 99620 marcajes.
✨ Sincronización con Base de Datos completada.
🔌 Desconectado del biométrico.

--- 🔄 INICIANDO SYNC COMPLETA (01:00:00) ---

📡 Conectando al biométrico en 10.100.12.249:4370...
✅ Datos obtenidos: 351 usuarios, 99624 marcajes.
✨ Sincronización con Base de Datos completada.
🔌 Desconectado del biométrico.

--- 🔄 INICIANDO SYNC COMPLETA (02:00:00) ---

📡 Conectando al biométrico en 10.100.12.249:4370...
✅ Datos obtenidos: 351 usuarios, 99624 marcajes.
✨ Sincronización con Base de Datos completada.
🔌 Desconectado del biométrico.

--- 🔄 INICIANDO SYNC COMPLETA (03:00:00) ---

📡 Conectando al biométrico en 10.100.12.249:4370...
✅ Datos obtenidos: 351 usuarios, 99624 marcajes.
✨ Sincronización con Base de Datos completada.
🔌 Desconectado del biométrico.

--- 🔄 INICIANDO SYNC COMPLETA (04:00:00) ---

📡 Conectando al biométrico en 10.100.12.249:4370...
✅ Datos obtenidos: 351 usuarios, 99624 marcajes.
✨ Sincronización con Base de Datos completada.
🔌 Desconectado del biométrico.

--- 🔄 INICIANDO SYNC COMPLETA (05:00:00) ---

📡 Conectando al biométrico en 10.100.12.249:4370...
✅ Datos obtenidos: 351 usuarios, 99624 marcajes.
✨ Sincronización con Base de Datos completada.
🔌 Desconectado del biométrico.

--- 🔄 INICIANDO SYNC COMPLETA (06:00:00) ---

📡 Conectando al biométrico en 10.100.12.249:4370...
✅ Datos obtenidos: 351 usuarios, 99624 marcajes.
✨ Sincronización con Base de Datos completada.
🔌 Desconectado del biométrico.

--- 🔄 INICIANDO SYNC COMPLETA (07:00:00) ---

📡 Conectando al biométrico en 10.100.12.249:4370...
✅ Datos obtenidos: 351 usuarios, 99624 marcajes.
✨ Sincronización con Base de Datos completada.
🔌 Desconectado del biométrico.

--- 🔄 INICIANDO SYNC COMPLETA (08:00:00) ---

📡 Conectando al biométrico en 10.100.12.249:4370...
✅ Datos obtenidos: 351 usuarios, 99624 marcajes.
✨ Sincronización con Base de Datos completada.
🔌 Desconectado del biométrico.

--- 🔄 INICIANDO SYNC COMPLETA (09:00:00) ---

📡 Conectando al biométrico en 10.100.12.249:4370...
✅ Datos obtenidos: 351 usuarios, 99624 marcajes.
✨ Sincronización con Base de Datos completada.
🔌 Desconectado del biométrico.

--- 🔄 INICIANDO SYNC COMPLETA (10:00:00) ---

📡 Conectando al biométrico en 10.100.12.249:4370...
✅ Datos obtenidos: 351 usuarios, 99624 marcajes.
✨ Sincronización con Base de Datos completada.
🔌 Desconectado del biométrico.

--- 🔄 INICIANDO SYNC COMPLETA (11:00:00) ---

📡 Conectando al biométrico en 10.100.12.249:4370...
✅ Datos obtenidos: 351 usuarios, 99624 marcajes.
✨ Sincronización con Base de Datos completada.
🔌 Desconectado del biométrico.

--- 🔄 INICIANDO SYNC COMPLETA (12:00:00) ---

📡 Conectando al biométrico en 10.100.12.249:4370...
✅ Datos obtenidos: 351 usuarios, 99628 marcajes.
✨ Sincronización con Base de Datos completada.
🔌 Desconectado del biométrico.

--- 🔄 INICIANDO SYNC COMPLETA (13:00:00) ---

📡 Conectando al biométrico en 10.100.12.249:4370...
✅ Datos obtenidos: 351 usuarios, 99635 marcajes.
✨ Sincronización con Base de Datos completada.
🔌 Desconectado del biométrico.

--- 🔄 INICIANDO SYNC COMPLETA (14:00:00) ---

📡 Conectando al biométrico en 10.100.12.249:4370...
✅ Datos obtenidos: 351 usuarios, 99637 marcajes.
✨ Sincronización con Base de Datos completada.
🔌 Desconectado del biométrico.

--- 🔄 INICIANDO SYNC COMPLETA (15:00:00) ---

📡 Conectando al biométrico en 10.100.12.249:4370...
✅ Datos obtenidos: 351 usuarios, 99639 marcajes.
✨ Sincronización con Base de Datos completada.
🔌 Desconectado del biométrico.

--- 🔄 INICIANDO SYNC COMPLETA (16:00:00) ---

📡 Conectando al biométrico en 10.100.12.249:4370...
✅ Datos obtenidos: 351 usuarios, 99640 marcajes.
✨ Sincronización con Base de Datos completada.
🔌 Desconectado del biométrico.

--- 🔄 INICIANDO SYNC COMPLETA (17:00:00) ---

📡 Conectando al biométrico en 10.100.12.249:4370...
✅ Datos obtenidos: 351 usuarios, 99644 marcajes.
✨ Sincronización con Base de Datos completada.
🔌 Desconectado del biométrico.

--- 🔄 INICIANDO SYNC COMPLETA (18:00:00) ---

📡 Conectando al biométrico en 10.100.12.249:4370...
✅ Datos obtenidos: 351 usuarios, 99644 marcajes.
✨ Sincronización con Base de Datos completada.
🔌 Desconectado del biométrico.

--- 🔄 INICIANDO SYNC COMPLETA (19:00:00) ---

📡 Conectando al biométrico en 10.100.12.249:4370...
✅ Datos obtenidos: 351 usuarios, 99644 marcajes.
✨ Sincronización con Base de Datos completada.
🔌 Desconectado del biométrico.

--- 🔄 INICIANDO SYNC COMPLETA (20:00:00) ---

📡 Conectando al biométrico en 10.100.12.249:4370...
✅ Datos obtenidos: 351 usuarios, 99644 marcajes.
✨ Sincronización con Base de Datos completada.
🔌 Desconectado del biométrico.

--- 🔄 INICIANDO SYNC COMPLETA (21:00:00) ---

📡 Conectando al biométrico en 10.100.12.249:4370...
✅ Datos obtenidos: 351 usuarios, 99644 marcajes.
✨ Sincronización con Base de Datos completada.
🔌 Desconectado del biométrico.

--- 🔄 INICIANDO SYNC COMPLETA (22:00:00) ---

📡 Conectando al biométrico en 10.100.12.249:4370...
✅ Datos obtenidos: 351 usuarios, 99644 marcajes.
✨ Sincronización con Base de Datos completada.
🔌 Desconectado del biométrico.

--- 🔄 INICIANDO SYNC COMPLETA (23:00:00) ---

📡 Conectando al biométrico en 10.100.12.249:4370...
✅ Datos obtenidos: 351 usuarios, 99644 marcajes.
✨ Sincronización con Base de Datos completada.
🔌 Desconectado del biométrico.

--- 🔄 INICIANDO SYNC COMPLETA (00:00:00) ---

📡 Conectando al biométrico en 10.100.12.249:4370...
✅ Datos obtenidos: 351 usuarios, 99644 marcajes.
✨ Sincronización con Base de Datos completada.
🔌 Desconectado del biométrico.

--- 🔄 INICIANDO SYNC COMPLETA (01:00:00) ---

📡 Conectando al biométrico en 10.100.12.249:4370...
✅ Datos obtenidos: 351 usuarios, 99644 marcajes.
✨ Sincronización con Base de Datos completada.
🔌 Desconectado del biométrico.

--- 🔄 INICIANDO SYNC COMPLETA (02:00:00) ---

📡 Conectando al biométrico en 10.100.12.249:4370...
✅ Datos obtenidos: 351 usuarios, 99644 marcajes.
✨ Sincronización con Base de Datos completada.
🔌 Desconectado del biométrico.

--- 🔄 INICIANDO SYNC COMPLETA (03:00:00) ---

📡 Conectando al biométrico en 10.100.12.249:4370...
✅ Datos obtenidos: 351 usuarios, 99644 marcajes.
✨ Sincronización con Base de Datos completada.
🔌 Desconectado del biométrico.

--- 🔄 INICIANDO SYNC COMPLETA (04:00:00) ---

📡 Conectando al biométrico en 10.100.12.249:4370...
✅ Datos obtenidos: 351 usuarios, 99646 marcajes.
✨ Sincronización con Base de Datos completada.
🔌 Desconectado del biométrico.

--- 🔄 INICIANDO SYNC COMPLETA (05:00:00) ---

📡 Conectando al biométrico en 10.100.12.249:4370...
✅ Datos obtenidos: 351 usuarios, 99646 marcajes.
✨ Sincronización con Base de Datos completada.
🔌 Desconectado del biométrico.

--- 🔄 INICIANDO SYNC COMPLETA (06:00:00) ---

📡 Conectando al biométrico en 10.100.12.249:4370...
✅ Datos obtenidos: 351 usuarios, 99646 marcajes.
✨ Sincronización con Base de Datos completada.
🔌 Desconectado del biométrico.

--- 🔄 INICIANDO SYNC COMPLETA (07:00:00) ---

📡 Conectando al biométrico en 10.100.12.249:4370...
✅ Datos obtenidos: 351 usuarios, 99646 marcajes.
✨ Sincronización con Base de Datos completada.
🔌 Desconectado del biométrico.

--- 🔄 INICIANDO SYNC COMPLETA (08:00:00) ---

📡 Conectando al biométrico en 10.100.12.249:4370...
✅ Datos obtenidos: 351 usuarios, 99646 marcajes.
✨ Sincronización con Base de Datos completada.
🔌 Desconectado del biométrico.

--- 🔄 INICIANDO SYNC COMPLETA (09:00:00) ---

📡 Conectando al biométrico en 10.100.12.249:4370...
✅ Datos obtenidos: 351 usuarios, 99646 marcajes.
✨ Sincronización con Base de Datos completada.
🔌 Desconectado del biométrico.

--- 🔄 INICIANDO SYNC COMPLETA (10:00:00) ---

📡 Conectando al biométrico en 10.100.12.249:4370...
✅ Datos obtenidos: 351 usuarios, 99646 marcajes.
✨ Sincronización con Base de Datos completada.
🔌 Desconectado del biométrico.

--- 🔄 INICIANDO SYNC COMPLETA (11:00:00) ---

📡 Conectando al biométrico en 10.100.12.249:4370...
✅ Datos obtenidos: 351 usuarios, 99646 marcajes.
✨ Sincronización con Base de Datos completada.
🔌 Desconectado del biométrico.

--- 🔄 INICIANDO SYNC COMPLETA (12:00:00) ---

📡 Conectando al biométrico en 10.100.12.249:4370...
✅ Datos obtenidos: 351 usuarios, 99648 marcajes.
✨ Sincronización con Base de Datos completada.
🔌 Desconectado del biométrico.

--- 🔄 INICIANDO SYNC COMPLETA (13:00:00) ---

📡 Conectando al biométrico en 10.100.12.249:4370...
✅ Datos obtenidos: 351 usuarios, 99651 marcajes.
✨ Sincronización con Base de Datos completada.
🔌 Desconectado del biométrico.

--- 🔄 INICIANDO SYNC COMPLETA (14:00:00) ---

📡 Conectando al biométrico en 10.100.12.249:4370...
✅ Datos obtenidos: 351 usuarios, 99654 marcajes.
✨ Sincronización con Base de Datos completada.
🔌 Desconectado del biométrico.

--- 🔄 INICIANDO SYNC COMPLETA (15:00:00) ---

📡 Conectando al biométrico en 10.100.12.249:4370...
✅ Datos obtenidos: 351 usuarios, 99654 marcajes.
✨ Sincronización con Base de Datos completada.
🔌 Desconectado del biométrico.

--- 🔄 INICIANDO SYNC COMPLETA (16:00:00) ---

📡 Conectando al biométrico en 10.100.12.249:4370...
✅ Datos obtenidos: 351 usuarios, 99654 marcajes.
✨ Sincronización con Base de Datos completada.
🔌 Desconectado del biométrico.

--- 🔄 INICIANDO SYNC COMPLETA (17:00:00) ---

📡 Conectando al biométrico en 10.100.12.249:4370...
✅ Datos obtenidos: 351 usuarios, 99654 marcajes.
✨ Sincronización con Base de Datos completada.
🔌 Desconectado del biométrico.

--- 🔄 INICIANDO SYNC COMPLETA (18:00:00) ---

📡 Conectando al biométrico en 10.100.12.249:4370...
✅ Datos obtenidos: 351 usuarios, 99654 marcajes.
✨ Sincronización con Base de Datos completada.
🔌 Desconectado del biométrico.

--- 🔄 INICIANDO SYNC COMPLETA (19:00:00) ---

📡 Conectando al biométrico en 10.100.12.249:4370...
✅ Datos obtenidos: 351 usuarios, 99654 marcajes.
✨ Sincronización con Base de Datos completada.
🔌 Desconectado del biométrico.

--- 🔄 INICIANDO SYNC COMPLETA (20:00:00) ---

📡 Conectando al biométrico en 10.100.12.249:4370...
✅ Datos obtenidos: 351 usuarios, 99654 marcajes.
✨ Sincronización con Base de Datos completada.
🔌 Desconectado del biométrico.

--- 🔄 INICIANDO SYNC COMPLETA (21:00:00) ---

📡 Conectando al biométrico en 10.100.12.249:4370...
✅ Datos obtenidos: 351 usuarios, 99654 marcajes.
✨ Sincronización con Base de Datos completada.
🔌 Desconectado del biométrico.

--- 🔄 INICIANDO SYNC COMPLETA (22:00:00) ---

📡 Conectando al biométrico en 10.100.12.249:4370...
✅ Datos obtenidos: 351 usuarios, 99654 marcajes.
✨ Sincronización con Base de Datos completada.
🔌 Desconectado del biométrico.

--- 🔄 INICIANDO SYNC COMPLETA (23:00:00) ---

📡 Conectando al biométrico en 10.100.12.249:4370...
✅ Datos obtenidos: 351 usuarios, 99654 marcajes.
✨ Sincronización con Base de Datos completada.
🔌 Desconectado del biométrico.

--- 🔄 INICIANDO SYNC COMPLETA (00:00:00) ---

📡 Conectando al biométrico en 10.100.12.249:4370...
✅ Datos obtenidos: 351 usuarios, 99654 marcajes.
✨ Sincronización con Base de Datos completada.
🔌 Desconectado del biométrico.

--- 🔄 INICIANDO SYNC COMPLETA (01:00:00) ---

📡 Conectando al biométrico en 10.100.12.249:4370...
✅ Datos obtenidos: 351 usuarios, 99654 marcajes.
✨ Sincronización con Base de Datos completada.
🔌 Desconectado del biométrico.

--- 🔄 INICIANDO SYNC COMPLETA (02:00:00) ---

📡 Conectando al biométrico en 10.100.12.249:4370...
✅ Datos obtenidos: 351 usuarios, 99654 marcajes.
✨ Sincronización con Base de Datos completada.
🔌 Desconectado del biométrico.

--- 🔄 INICIANDO SYNC COMPLETA (03:00:00) ---

📡 Conectando al biométrico en 10.100.12.249:4370...
✅ Datos obtenidos: 351 usuarios, 99654 marcajes.
✨ Sincronización con Base de Datos completada.
🔌 Desconectado del biométrico.

--- 🔄 INICIANDO SYNC COMPLETA (04:00:00) ---

📡 Conectando al biométrico en 10.100.12.249:4370...
✅ Datos obtenidos: 351 usuarios, 99654 marcajes.
✨ Sincronización con Base de Datos completada.
🔌 Desconectado del biométrico.

--- 🔄 INICIANDO SYNC COMPLETA (05:00:00) ---

📡 Conectando al biométrico en 10.100.12.249:4370...
✅ Datos obtenidos: 351 usuarios, 99654 marcajes.
✨ Sincronización con Base de Datos completada.
🔌 Desconectado del biométrico.

--- 🔄 INICIANDO SYNC COMPLETA (06:00:00) ---

📡 Conectando al biométrico en 10.100.12.249:4370...
✅ Datos obtenidos: 351 usuarios, 99654 marcajes.
✨ Sincronización con Base de Datos completada.
🔌 Desconectado del biométrico.

--- 🔄 INICIANDO SYNC COMPLETA (07:00:00) ---

📡 Conectando al biométrico en 10.100.12.249:4370...
✅ Datos obtenidos: 351 usuarios, 99654 marcajes.
✨ Sincronización con Base de Datos completada.
🔌 Desconectado del biométrico.

--- 🔄 INICIANDO SYNC COMPLETA (08:00:00) ---

📡 Conectando al biométrico en 10.100.12.249:4370...
✅ Datos obtenidos: 351 usuarios, 99654 marcajes.
✨ Sincronización con Base de Datos completada.
🔌 Desconectado del biométrico.

--- 🔄 INICIANDO SYNC COMPLETA (09:00:00) ---

📡 Conectando al biométrico en 10.100.12.249:4370...
✅ Datos obtenidos: 351 usuarios, 99654 marcajes.
✨ Sincronización con Base de Datos completada.
🔌 Desconectado del biométrico.

--- 🔄 INICIANDO SYNC COMPLETA (10:00:00) ---

📡 Conectando al biométrico en 10.100.12.249:4370...
✅ Datos obtenidos: 351 usuarios, 99654 marcajes.
✨ Sincronización con Base de Datos completada.
🔌 Desconectado del biométrico.

--- 🔄 INICIANDO SYNC COMPLETA (11:00:00) ---

📡 Conectando al biométrico en 10.100.12.249:4370...
✅ Datos obtenidos: 351 usuarios, 99663 marcajes.
✨ Sincronización con Base de Datos completada.
🔌 Desconectado del biométrico.

--- 🔄 INICIANDO SYNC COMPLETA (12:00:00) ---

📡 Conectando al biométrico en 10.100.12.249:4370...
✅ Datos obtenidos: 351 usuarios, 99725 marcajes.
✨ Sincronización con Base de Datos completada.
🔌 Desconectado del biométrico.

--- 🔄 INICIANDO SYNC COMPLETA (13:00:00) ---

📡 Conectando al biométrico en 10.100.12.249:4370...
✅ Datos obtenidos: 351 usuarios, 99859 marcajes.
✨ Sincronización con Base de Datos completada.
🔌 Desconectado del biométrico.

--- 🔄 INICIANDO SYNC COMPLETA (14:00:00) ---

📡 Conectando al biométrico en 10.100.12.249:4370...
✅ Datos obtenidos: 351 usuarios, 99888 marcajes.
✨ Sincronización con Base de Datos completada.
🔌 Desconectado del biométrico.

--- 🔄 INICIANDO SYNC COMPLETA (15:00:00) ---

📡 Conectando al biométrico en 10.100.12.249:4370...
✅ Datos obtenidos: 351 usuarios, 99892 marcajes.
✨ Sincronización con Base de Datos completada.
🔌 Desconectado del biométrico.

--- 🔄 INICIANDO SYNC COMPLETA (16:00:00) ---

📡 Conectando al biométrico en 10.100.12.249:4370...
✅ Datos obtenidos: 351 usuarios, 99895 marcajes.
✨ Sincronización con Base de Datos completada.
🔌 Desconectado del biométrico.

--- 🔄 INICIANDO SYNC COMPLETA (17:00:00) ---

📡 Conectando al biométrico en 10.100.12.249:4370...
✅ Datos obtenidos: 351 usuarios, 99901 marcajes.
✨ Sincronización con Base de Datos completada.
🔌 Desconectado del biométrico.

--- 🔄 INICIANDO SYNC COMPLETA (18:00:00) ---

📡 Conectando al biométrico en 10.100.12.249:4370...
✅ Datos obtenidos: 351 usuarios, 99905 marcajes.
✨ Sincronización con Base de Datos completada.
🔌 Desconectado del biométrico.

--- 🔄 INICIANDO SYNC COMPLETA (19:00:00) ---

📡 Conectando al biométrico en 10.100.12.249:4370...
✅ Datos obtenidos: 351 usuarios, 99907 marcajes.
✨ Sincronización con Base de Datos completada.
🔌 Desconectado del biométrico.

--- 🔄 INICIANDO SYNC COMPLETA (20:00:00) ---

📡 Conectando al biométrico en 10.100.12.249:4370...
✅ Datos obtenidos: 351 usuarios, 99969 marcajes.
✨ Sincronización con Base de Datos completada.
🔌 Desconectado del biométrico.

--- 🔄 INICIANDO SYNC COMPLETA (21:00:00) ---

📡 Conectando al biométrico en 10.100.12.249:4370...
✅ Datos obtenidos: 351 usuarios, 99055 marcajes.
✨ Sincronización con Base de Datos completada.
🔌 Desconectado del biométrico.

--- 🔄 INICIANDO SYNC COMPLETA (22:00:00) ---

📡 Conectando al biométrico en 10.100.12.249:4370...
✅ Datos obtenidos: 351 usuarios, 99080 marcajes.
✨ Sincronización con Base de Datos completada.
🔌 Desconectado del biométrico.

--- 🔄 INICIANDO SYNC COMPLETA (23:00:00) ---

📡 Conectando al biométrico en 10.100.12.249:4370...
✅ Datos obtenidos: 351 usuarios, 99100 marcajes.
✨ Sincronización con Base de Datos completada.
🔌 Desconectado del biométrico.

--- 🔄 INICIANDO SYNC COMPLETA (00:00:00) ---

📡 Conectando al biométrico en 10.100.12.249:4370...
✅ Datos obtenidos: 351 usuarios, 99112 marcajes.
✨ Sincronización con Base de Datos completada.
🔌 Desconectado del biométrico.

--- 🔄 INICIANDO SYNC COMPLETA (01:00:00) ---

📡 Conectando al biométrico en 10.100.12.249:4370...
✅ Datos obtenidos: 351 usuarios, 99112 marcajes.
✨ Sincronización con Base de Datos completada.
🔌 Desconectado del biométrico.

--- 🔄 INICIANDO SYNC COMPLETA (02:00:00) ---

📡 Conectando al biométrico en 10.100.12.249:4370...
✅ Datos obtenidos: 351 usuarios, 99112 marcajes.
✨ Sincronización con Base de Datos completada.
🔌 Desconectado del biométrico.

--- 🔄 INICIANDO SYNC COMPLETA (03:00:00) ---

📡 Conectando al biométrico en 10.100.12.249:4370...
✅ Datos obtenidos: 351 usuarios, 99112 marcajes.
✨ Sincronización con Base de Datos completada.
🔌 Desconectado del biométrico.

--- 🔄 INICIANDO SYNC COMPLETA (04:00:00) ---

📡 Conectando al biométrico en 10.100.12.249:4370...
✅ Datos obtenidos: 351 usuarios, 99112 marcajes.
✨ Sincronización con Base de Datos completada.
🔌 Desconectado del biométrico.

--- 🔄 INICIANDO SYNC COMPLETA (05:00:00) ---

📡 Conectando al biométrico en 10.100.12.249:4370...
✅ Datos obtenidos: 351 usuarios, 99112 marcajes.
✨ Sincronización con Base de Datos completada.
🔌 Desconectado del biométrico.

--- 🔄 INICIANDO SYNC COMPLETA (06:00:00) ---

📡 Conectando al biométrico en 10.100.12.249:4370...
✅ Datos obtenidos: 351 usuarios, 99112 marcajes.
✨ Sincronización con Base de Datos completada.
🔌 Desconectado del biométrico.

--- 🔄 INICIANDO SYNC COMPLETA (07:00:00) ---

📡 Conectando al biométrico en 10.100.12.249:4370...
✅ Datos obtenidos: 351 usuarios, 99112 marcajes.
✨ Sincronización con Base de Datos completada.
🔌 Desconectado del biométrico.

--- 🔄 INICIANDO SYNC COMPLETA (08:00:00) ---

📡 Conectando al biométrico en 10.100.12.249:4370...
✅ Datos obtenidos: 351 usuarios, 99112 marcajes.
✨ Sincronización con Base de Datos completada.
🔌 Desconectado del biométrico.

--- 🔄 INICIANDO SYNC COMPLETA (09:00:00) ---

📡 Conectando al biométrico en 10.100.12.249:4370...
✅ Datos obtenidos: 351 usuarios, 99112 marcajes.
✨ Sincronización con Base de Datos completada.
🔌 Desconectado del biométrico.

--- 🔄 INICIANDO SYNC COMPLETA (10:00:00) ---

📡 Conectando al biométrico en 10.100.12.249:4370...
✅ Datos obtenidos: 351 usuarios, 99113 marcajes.
✨ Sincronización con Base de Datos completada.
🔌 Desconectado del biométrico.

--- 🔄 INICIANDO SYNC COMPLETA (11:00:00) ---

📡 Conectando al biométrico en 10.100.12.249:4370...
✅ Datos obtenidos: 351 usuarios, 99123 marcajes.
✨ Sincronización con Base de Datos completada.
🔌 Desconectado del biométrico.

--- 🔄 INICIANDO SYNC COMPLETA (12:00:00) ---

📡 Conectando al biométrico en 10.100.12.249:4370...
✅ Datos obtenidos: 351 usuarios, 99189 marcajes.
✨ Sincronización con Base de Datos completada.
🔌 Desconectado del biométrico.

--- 🔄 INICIANDO SYNC COMPLETA (13:00:00) ---

📡 Conectando al biométrico en 10.100.12.249:4370...
✅ Datos obtenidos: 351 usuarios, 99312 marcajes.
✨ Sincronización con Base de Datos completada.
🔌 Desconectado del biométrico.

--- 🔄 INICIANDO SYNC COMPLETA (14:00:00) ---

📡 Conectando al biométrico en 10.100.12.249:4370...
✅ Datos obtenidos: 351 usuarios, 99343 marcajes.
✨ Sincronización con Base de Datos completada.
🔌 Desconectado del biométrico.

--- 🔄 INICIANDO SYNC COMPLETA (15:00:00) ---

📡 Conectando al biométrico en 10.100.12.249:4370...
✅ Datos obtenidos: 351 usuarios, 99349 marcajes.
✨ Sincronización con Base de Datos completada.
🔌 Desconectado del biométrico.

--- 🔄 INICIANDO SYNC COMPLETA (16:00:00) ---

📡 Conectando al biométrico en 10.100.12.249:4370...
✅ Datos obtenidos: 351 usuarios, 99352 marcajes.
✨ Sincronización con Base de Datos completada.
🔌 Desconectado del biométrico.

--- 🔄 INICIANDO SYNC COMPLETA (17:00:00) ---

📡 Conectando al biométrico en 10.100.12.249:4370...
✅ Datos obtenidos: 351 usuarios, 99357 marcajes.
✨ Sincronización con Base de Datos completada.
🔌 Desconectado del biométrico.

--- 🔄 INICIANDO SYNC COMPLETA (18:00:00) ---

📡 Conectando al biométrico en 10.100.12.249:4370...
✅ Datos obtenidos: 351 usuarios, 99357 marcajes.
✨ Sincronización con Base de Datos completada.
🔌 Desconectado del biométrico.

--- 🔄 INICIANDO SYNC COMPLETA (19:00:00) ---

📡 Conectando al biométrico en 10.100.12.249:4370...
✅ Datos obtenidos: 351 usuarios, 99361 marcajes.
✨ Sincronización con Base de Datos completada.
🔌 Desconectado del biométrico.

--- 🔄 INICIANDO SYNC COMPLETA (20:00:00) ---

📡 Conectando al biométrico en 10.100.12.249:4370...
✅ Datos obtenidos: 351 usuarios, 99379 marcajes.
✨ Sincronización con Base de Datos completada.
🔌 Desconectado del biométrico.

--- 🔄 INICIANDO SYNC COMPLETA (21:00:00) ---

📡 Conectando al biométrico en 10.100.12.249:4370...
✅ Datos obtenidos: 351 usuarios, 99523 marcajes.
✨ Sincronización con Base de Datos completada.
🔌 Desconectado del biométrico.

--- 🔄 INICIANDO SYNC COMPLETA (22:00:00) ---

📡 Conectando al biométrico en 10.100.12.249:4370...
✅ Datos obtenidos: 351 usuarios, 99555 marcajes.
✨ Sincronización con Base de Datos completada.
🔌 Desconectado del biométrico.

--- 🔄 INICIANDO SYNC COMPLETA (23:00:00) ---

📡 Conectando al biométrico en 10.100.12.249:4370...
✅ Datos obtenidos: 351 usuarios, 99572 marcajes.
✨ Sincronización con Base de Datos completada.
🔌 Desconectado del biométrico.

--- 🔄 INICIANDO SYNC COMPLETA (00:00:00) ---

📡 Conectando al biométrico en 10.100.12.249:4370...
✅ Datos obtenidos: 351 usuarios, 99574 marcajes.
✨ Sincronización con Base de Datos completada.
🔌 Desconectado del biométrico.

--- 🔄 INICIANDO SYNC COMPLETA (01:00:00) ---

📡 Conectando al biométrico en 10.100.12.249:4370...
✅ Datos obtenidos: 351 usuarios, 99577 marcajes.
✨ Sincronización con Base de Datos completada.
🔌 Desconectado del biométrico.

--- 🔄 INICIANDO SYNC COMPLETA (02:00:00) ---

📡 Conectando al biométrico en 10.100.12.249:4370...
✅ Datos obtenidos: 351 usuarios, 99577 marcajes.
✨ Sincronización con Base de Datos completada.
🔌 Desconectado del biométrico.

--- 🔄 INICIANDO SYNC COMPLETA (03:00:00) ---

📡 Conectando al biométrico en 10.100.12.249:4370...
✅ Datos obtenidos: 351 usuarios, 99577 marcajes.
✨ Sincronización con Base de Datos completada.
🔌 Desconectado del biométrico.

--- 🔄 INICIANDO SYNC COMPLETA (04:00:00) ---

📡 Conectando al biométrico en 10.100.12.249:4370...
✅ Datos obtenidos: 351 usuarios, 99577 marcajes.
✨ Sincronización con Base de Datos completada.
🔌 Desconectado del biométrico.

--- 🔄 INICIANDO SYNC COMPLETA (05:00:00) ---

📡 Conectando al biométrico en 10.100.12.249:4370...
✅ Datos obtenidos: 351 usuarios, 99577 marcajes.
✨ Sincronización con Base de Datos completada.
🔌 Desconectado del biométrico.

--- 🔄 INICIANDO SYNC COMPLETA (06:00:00) ---

📡 Conectando al biométrico en 10.100.12.249:4370...
✅ Datos obtenidos: 351 usuarios, 99577 marcajes.
✨ Sincronización con Base de Datos completada.
🔌 Desconectado del biométrico.

--- 🔄 INICIANDO SYNC COMPLETA (07:00:00) ---

📡 Conectando al biométrico en 10.100.12.249:4370...
✅ Datos obtenidos: 351 usuarios, 99577 marcajes.
✨ Sincronización con Base de Datos completada.
🔌 Desconectado del biométrico.

--- 🔄 INICIANDO SYNC COMPLETA (08:00:00) ---

📡 Conectando al biométrico en 10.100.12.249:4370...
✅ Datos obtenidos: 351 usuarios, 99577 marcajes.
✨ Sincronización con Base de Datos completada.
🔌 Desconectado del biométrico.

--- 🔄 INICIANDO SYNC COMPLETA (09:00:00) ---

📡 Conectando al biométrico en 10.100.12.249:4370...
✅ Datos obtenidos: 351 usuarios, 99577 marcajes.
✨ Sincronización con Base de Datos completada.
🔌 Desconectado del biométrico.

--- 🔄 INICIANDO SYNC COMPLETA (10:00:00) ---

📡 Conectando al biométrico en 10.100.12.249:4370...
✅ Datos obtenidos: 351 usuarios, 99577 marcajes.
✨ Sincronización con Base de Datos completada.
🔌 Desconectado del biométrico.

--- 🔄 INICIANDO SYNC COMPLETA (11:00:00) ---

📡 Conectando al biométrico en 10.100.12.249:4370...
✅ Datos obtenidos: 351 usuarios, 99592 marcajes.
✨ Sincronización con Base de Datos completada.
🔌 Desconectado del biométrico.

--- 🔄 INICIANDO SYNC COMPLETA (12:00:00) ---

📡 Conectando al biométrico en 10.100.12.249:4370...
✅ Datos obtenidos: 351 usuarios, 99660 marcajes.
✨ Sincronización con Base de Datos completada.
🔌 Desconectado del biométrico.

--- 🔄 INICIANDO SYNC COMPLETA (13:00:00) ---

📡 Conectando al biométrico en 10.100.12.249:4370...
✅ Datos obtenidos: 351 usuarios, 99778 marcajes.
✨ Sincronización con Base de Datos completada.
🔌 Desconectado del biométrico.

--- 🔄 INICIANDO SYNC COMPLETA (14:00:00) ---

📡 Conectando al biométrico en 10.100.12.249:4370...
✅ Datos obtenidos: 351 usuarios, 99817 marcajes.
✨ Sincronización con Base de Datos completada.
🔌 Desconectado del biométrico.

--- 🔄 INICIANDO SYNC COMPLETA (15:00:00) ---

📡 Conectando al biométrico en 10.100.12.249:4370...
✅ Datos obtenidos: 351 usuarios, 99824 marcajes.
✨ Sincronización con Base de Datos completada.
🔌 Desconectado del biométrico.

--- 🔄 INICIANDO SYNC COMPLETA (16:00:00) ---

📡 Conectando al biométrico en 10.100.12.249:4370...
✅ Datos obtenidos: 351 usuarios, 99825 marcajes.
✨ Sincronización con Base de Datos completada.
🔌 Desconectado del biométrico.

--- 🔄 INICIANDO SYNC COMPLETA (17:00:00) ---

📡 Conectando al biométrico en 10.100.12.249:4370...
✅ Datos obtenidos: 351 usuarios, 99831 marcajes.
✨ Sincronización con Base de Datos completada.
🔌 Desconectado del biométrico.

--- 🔄 INICIANDO SYNC COMPLETA (18:00:00) ---

📡 Conectando al biométrico en 10.100.12.249:4370...
✅ Datos obtenidos: 351 usuarios, 99835 marcajes.
✨ Sincronización con Base de Datos completada.
🔌 Desconectado del biométrico.

--- 🔄 INICIANDO SYNC COMPLETA (19:00:00) ---

📡 Conectando al biométrico en 10.100.12.249:4370...
✅ Datos obtenidos: 351 usuarios, 99838 marcajes.
✨ Sincronización con Base de Datos completada.
🔌 Desconectado del biométrico.

--- 🔄 INICIANDO SYNC COMPLETA (20:00:00) ---

📡 Conectando al biométrico en 10.100.12.249:4370...
✅ Datos obtenidos: 351 usuarios, 99848 marcajes.
✨ Sincronización con Base de Datos completada.
🔌 Desconectado del biométrico.

--- 🔄 INICIANDO SYNC COMPLETA (21:00:00) ---

📡 Conectando al biométrico en 10.100.12.249:4370...
✅ Datos obtenidos: 351 usuarios, 99996 marcajes.
✨ Sincronización con Base de Datos completada.
🔌 Desconectado del biométrico.

--- 🔄 INICIANDO SYNC COMPLETA (22:00:00) ---

📡 Conectando al biométrico en 10.100.12.249:4370...
✅ Datos obtenidos: 351 usuarios, 99033 marcajes.
✨ Sincronización con Base de Datos completada.
🔌 Desconectado del biométrico.

--- 🔄 INICIANDO SYNC COMPLETA (23:00:00) ---

📡 Conectando al biométrico en 10.100.12.249:4370...
✅ Datos obtenidos: 351 usuarios, 99051 marcajes.
✨ Sincronización con Base de Datos completada.
🔌 Desconectado del biométrico.

--- 🔄 INICIANDO SYNC COMPLETA (00:00:00) ---

📡 Conectando al biométrico en 10.100.12.249:4370...
✅ Datos obtenidos: 351 usuarios, 99057 marcajes.
✨ Sincronización con Base de Datos completada.
🔌 Desconectado del biométrico.

--- 🔄 INICIANDO SYNC COMPLETA (01:00:00) ---

📡 Conectando al biométrico en 10.100.12.249:4370...
✅ Datos obtenidos: 351 usuarios, 99058 marcajes.
✨ Sincronización con Base de Datos completada.
🔌 Desconectado del biométrico.

--- 🔄 INICIANDO SYNC COMPLETA (02:00:00) ---

📡 Conectando al biométrico en 10.100.12.249:4370...
✅ Datos obtenidos: 351 usuarios, 99058 marcajes.
✨ Sincronización con Base de Datos completada.
🔌 Desconectado del biométrico.

--- 🔄 INICIANDO SYNC COMPLETA (03:00:00) ---

📡 Conectando al biométrico en 10.100.12.249:4370...
✅ Datos obtenidos: 351 usuarios, 99058 marcajes.
✨ Sincronización con Base de Datos completada.
🔌 Desconectado del biométrico.

--- 🔄 INICIANDO SYNC COMPLETA (04:00:00) ---

📡 Conectando al biométrico en 10.100.12.249:4370...
✅ Datos obtenidos: 351 usuarios, 99058 marcajes.
✨ Sincronización con Base de Datos completada.
🔌 Desconectado del biométrico.

--- 🔄 INICIANDO SYNC COMPLETA (05:00:00) ---

📡 Conectando al biométrico en 10.100.12.249:4370...
✅ Datos obtenidos: 351 usuarios, 99058 marcajes.
✨ Sincronización con Base de Datos completada.
🔌 Desconectado del biométrico.

--- 🔄 INICIANDO SYNC COMPLETA (06:00:00) ---

📡 Conectando al biométrico en 10.100.12.249:4370...
✅ Datos obtenidos: 351 usuarios, 99058 marcajes.
✨ Sincronización con Base de Datos completada.
🔌 Desconectado del biométrico.

--- 🔄 INICIANDO SYNC COMPLETA (07:00:00) ---

📡 Conectando al biométrico en 10.100.12.249:4370...
✅ Datos obtenidos: 351 usuarios, 99058 marcajes.
✨ Sincronización con Base de Datos completada.
🔌 Desconectado del biométrico.

--- 🔄 INICIANDO SYNC COMPLETA (08:00:00) ---

📡 Conectando al biométrico en 10.100.12.249:4370...
✅ Datos obtenidos: 351 usuarios, 99058 marcajes.
✨ Sincronización con Base de Datos completada.
🔌 Desconectado del biométrico.

--- 🔄 INICIANDO SYNC COMPLETA (09:00:00) ---

📡 Conectando al biométrico en 10.100.12.249:4370...
✅ Datos obtenidos: 351 usuarios, 99058 marcajes.
✨ Sincronización con Base de Datos completada.
🔌 Desconectado del biométrico.

--- 🔄 INICIANDO SYNC COMPLETA (10:00:00) ---

📡 Conectando al biométrico en 10.100.12.249:4370...
✅ Datos obtenidos: 351 usuarios, 99059 marcajes.
✨ Sincronización con Base de Datos completada.
🔌 Desconectado del biométrico.

--- 🔄 INICIANDO SYNC COMPLETA (11:00:00) ---

📡 Conectando al biométrico en 10.100.12.249:4370...
✅ Datos obtenidos: 351 usuarios, 99070 marcajes.
✨ Sincronización con Base de Datos completada.
🔌 Desconectado del biométrico.

--- 🔄 INICIANDO SYNC COMPLETA (12:00:00) ---

📡 Conectando al biométrico en 10.100.12.249:4370...
✅ Datos obtenidos: 351 usuarios, 99143 marcajes.
✨ Sincronización con Base de Datos completada.
🔌 Desconectado del biométrico.

--- 🔄 INICIANDO SYNC COMPLETA (13:00:00) ---

📡 Conectando al biométrico en 10.100.12.249:4370...
✅ Datos obtenidos: 351 usuarios, 99247 marcajes.
✨ Sincronización con Base de Datos completada.
🔌 Desconectado del biométrico.

--- 🔄 INICIANDO SYNC COMPLETA (14:00:00) ---

📡 Conectando al biométrico en 10.100.12.249:4370...
✅ Datos obtenidos: 351 usuarios, 99270 marcajes.
✨ Sincronización con Base de Datos completada.
🔌 Desconectado del biométrico.

--- 🔄 INICIANDO SYNC COMPLETA (15:00:00) ---

📡 Conectando al biométrico en 10.100.12.249:4370...
✅ Datos obtenidos: 351 usuarios, 99282 marcajes.
✨ Sincronización con Base de Datos completada.
🔌 Desconectado del biométrico.
